{"pytest_version": "6.1.1", "$report_type": "SessionStart"}
{"nodeid": "", "outcome": "passed", "longrepr": null, "result": null, "sections": [], "$report_type": "CollectReport"}
{"nodeid": "test/demotestcase_test.py::TestSampleCase", "outcome": "passed", "longrepr": null, "result": null, "sections": [], "$report_type": "CollectReport"}
{"nodeid": "test/demotestcase_test.py::TestSampleCase", "outcome": "passed", "longrepr": null, "result": null, "sections": [], "$report_type": "CollectReport"}
{"nodeid": "test/demotestcase_test.py", "outcome": "passed", "longrepr": null, "result": null, "sections": [], "$report_type": "CollectReport"}
{"nodeid": "test/test_example.py", "outcome": "passed", "longrepr": null, "result": null, "sections": [], "$report_type": "CollectReport"}
{"nodeid": "test/test_sample.py", "outcome": "passed", "longrepr": null, "result": null, "sections": [], "$report_type": "CollectReport"}
{"nodeid": "test/test_systemexit.py", "outcome": "passed", "longrepr": null, "result": null, "sections": [], "$report_type": "CollectReport"}
{"nodeid": "test/__init__.py", "outcome": "passed", "longrepr": null, "result": null, "sections": [], "$report_type": "CollectReport"}
{"nodeid": "test/demotestcase_test.py::TestSampleCase::test_one", "location": ["test/demotestcase_test.py", 6, "TestSampleCase.test_one"], "keywords": {"test/__init__.py": 1, "test_one": 1, "()": 1, "oct112": 1, "TestSampleCase": 1, "demotestcase_test.py": 1}, "outcome": "passed", "longrepr": null, "when": "setup", "user_properties": [], "sections": [], "duration": 0.00034747199970297515, "$report_type": "TestReport"}
{"nodeid": "test/demotestcase_test.py::TestSampleCase::test_one", "location": ["test/demotestcase_test.py", 6, "TestSampleCase.test_one"], "keywords": {"test/__init__.py": 1, "test_one": 1, "()": 1, "oct112": 1, "TestSampleCase": 1, "demotestcase_test.py": 1}, "outcome": "passed", "longrepr": null, "when": "call", "user_properties": [], "sections": [], "duration": 0.00018138599989470094, "$report_type": "TestReport"}
{"nodeid": "test/demotestcase_test.py::TestSampleCase::test_one", "location": ["test/demotestcase_test.py", 6, "TestSampleCase.test_one"], "keywords": {"test/__init__.py": 1, "test_one": 1, "()": 1, "oct112": 1, "TestSampleCase": 1, "demotestcase_test.py": 1}, "outcome": "passed", "longrepr": null, "when": "teardown", "user_properties": [], "sections": [], "duration": 0.00013761000082013197, "$report_type": "TestReport"}
{"nodeid": "test/demotestcase_test.py::TestSampleCase::test_attrib", "location": ["test/demotestcase_test.py", 10, "TestSampleCase.test_attrib"], "keywords": {"test/__init__.py": 1, "test_attrib": 1, "()": 1, "oct112": 1, "TestSampleCase": 1, "demotestcase_test.py": 1}, "outcome": "passed", "longrepr": null, "when": "setup", "user_properties": [], "sections": [], "duration": 0.00014511200060951523, "$report_type": "TestReport"}
{"nodeid": "test/demotestcase_test.py::TestSampleCase::test_attrib", "location": ["test/demotestcase_test.py", 10, "TestSampleCase.test_attrib"], "keywords": {"test/__init__.py": 1, "test_attrib": 1, "()": 1, "oct112": 1, "TestSampleCase": 1, "demotestcase_test.py": 1}, "outcome": "passed", "longrepr": null, "when": "call", "user_properties": [], "sections": [], "duration": 0.00013475400191964582, "$report_type": "TestReport"}
{"nodeid": "test/demotestcase_test.py::TestSampleCase::test_attrib", "location": ["test/demotestcase_test.py", 10, "TestSampleCase.test_attrib"], "keywords": {"test/__init__.py": 1, "test_attrib": 1, "()": 1, "oct112": 1, "TestSampleCase": 1, "demotestcase_test.py": 1}, "outcome": "passed", "longrepr": null, "when": "teardown", "user_properties": [], "sections": [], "duration": 0.00012732899995171465, "$report_type": "TestReport"}
{"nodeid": "test/test_example.py::test_ok", "location": ["test/test_example.py", 9, "test_ok"], "keywords": {"test_ok": 1, "test/__init__.py": 1, "oct112": 1, "test_example.py": 1}, "outcome": "passed", "longrepr": null, "when": "setup", "user_properties": [], "sections": [], "duration": 0.00016589599908911623, "$report_type": "TestReport"}
{"nodeid": "test/test_example.py::test_ok", "location": ["test/test_example.py", 9, "test_ok"], "keywords": {"test_ok": 1, "test/__init__.py": 1, "oct112": 1, "test_example.py": 1}, "outcome": "passed", "longrepr": null, "when": "call", "user_properties": [], "sections": [["Captured stdout call", "ok\n"]], "duration": 0.00015476400221814401, "$report_type": "TestReport"}
{"nodeid": "test/test_example.py::test_ok", "location": ["test/test_example.py", 9, "test_ok"], "keywords": {"test_ok": 1, "test/__init__.py": 1, "oct112": 1, "test_example.py": 1}, "outcome": "passed", "longrepr": null, "when": "teardown", "user_properties": [], "sections": [["Captured stdout call", "ok\n"]], "duration": 0.00012245399921084754, "$report_type": "TestReport"}
{"nodeid": "test/test_example.py::test_fail", "location": ["test/test_example.py", 13, "test_fail"], "keywords": {"test_fail": 1, "test/__init__.py": 1, "oct112": 1, "test_example.py": 1}, "outcome": "passed", "longrepr": null, "when": "setup", "user_properties": [], "sections": [], "duration": 0.00016675799997756258, "$report_type": "TestReport"}
{"nodeid": "test/test_example.py::test_fail", "location": ["test/test_example.py", 13, "test_fail"], "keywords": {"test_fail": 1, "test/__init__.py": 1, "oct112": 1, "test_example.py": 1}, "outcome": "failed", "longrepr": {"reprcrash": {"path": "/home/ravijaya/Trainings/Python-PCI/oct112/test/test_example.py", "lineno": 15, "message": "assert 0"}, "reprtraceback": {"reprentries": [{"type": "ReprEntry", "data": {"lines": ["    def test_fail():", ">       assert 0", "E       assert 0"], "reprfuncargs": {"args": []}, "reprlocals": null, "reprfileloc": {"path": "test/test_example.py", "lineno": 15, "message": "AssertionError"}, "style": "long"}}], "extraline": null, "style": "long"}, "sections": [], "chain": [[{"reprentries": [{"type": "ReprEntry", "data": {"lines": ["    def test_fail():", ">       assert 0", "E       assert 0"], "reprfuncargs": {"args": []}, "reprlocals": null, "reprfileloc": {"path": "test/test_example.py", "lineno": 15, "message": "AssertionError"}, "style": "long"}}], "extraline": null, "style": "long"}, {"path": "/home/ravijaya/Trainings/Python-PCI/oct112/test/test_example.py", "lineno": 15, "message": "assert 0"}, null]]}, "when": "call", "user_properties": [], "sections": [], "duration": 0.0003708320000441745, "$report_type": "TestReport"}
{"nodeid": "test/test_example.py::test_fail", "location": ["test/test_example.py", 13, "test_fail"], "keywords": {"test_fail": 1, "test/__init__.py": 1, "oct112": 1, "test_example.py": 1}, "outcome": "passed", "longrepr": null, "when": "teardown", "user_properties": [], "sections": [], "duration": 0.00018733699835138395, "$report_type": "TestReport"}
{"nodeid": "test/test_example.py::test_error", "location": ["test/test_example.py", 17, "test_error"], "keywords": {"oct112": 1, "test_error": 1, "test/__init__.py": 1, "test_example.py": 1}, "outcome": "failed", "longrepr": {"reprcrash": {"path": "/home/ravijaya/Trainings/Python-PCI/oct112/test/test_example.py", "lineno": 7, "message": "assert 0"}, "reprtraceback": {"reprentries": [{"type": "ReprEntry", "data": {"lines": ["    @pytest.fixture", "    def error_fixture():", ">       assert 0", "E       assert 0"], "reprfuncargs": {"args": []}, "reprlocals": null, "reprfileloc": {"path": "test/test_example.py", "lineno": 7, "message": "AssertionError"}, "style": "long"}}], "extraline": null, "style": "long"}, "sections": [], "chain": [[{"reprentries": [{"type": "ReprEntry", "data": {"lines": ["    @pytest.fixture", "    def error_fixture():", ">       assert 0", "E       assert 0"], "reprfuncargs": {"args": []}, "reprlocals": null, "reprfileloc": {"path": "test/test_example.py", "lineno": 7, "message": "AssertionError"}, "style": "long"}}], "extraline": null, "style": "long"}, {"path": "/home/ravijaya/Trainings/Python-PCI/oct112/test/test_example.py", "lineno": 7, "message": "assert 0"}, null]]}, "when": "setup", "user_properties": [], "sections": [], "duration": 0.00025208599981851876, "$report_type": "TestReport"}
{"nodeid": "test/test_example.py::test_error", "location": ["test/test_example.py", 17, "test_error"], "keywords": {"oct112": 1, "test_error": 1, "test/__init__.py": 1, "test_example.py": 1}, "outcome": "passed", "longrepr": null, "when": "teardown", "user_properties": [], "sections": [], "duration": 0.0001505230029579252, "$report_type": "TestReport"}
{"nodeid": "test/test_example.py::test_skip", "location": ["test/test_example.py", 21, "test_skip"], "keywords": {"oct112": 1, "test/__init__.py": 1, "test_example.py": 1, "test_skip": 1}, "outcome": "passed", "longrepr": null, "when": "setup", "user_properties": [], "sections": [], "duration": 0.00014185400141286664, "$report_type": "TestReport"}
{"nodeid": "test/test_example.py::test_skip", "location": ["test/test_example.py", 21, "test_skip"], "keywords": {"oct112": 1, "test/__init__.py": 1, "test_example.py": 1, "test_skip": 1}, "outcome": "skipped", "longrepr": ["/home/ravijaya/Trainings/Python-PCI/oct112/test/test_example.py", 23, "Skipped: skipping this test"], "when": "call", "user_properties": [], "sections": [], "duration": 0.00014879200170980766, "$report_type": "TestReport"}
{"nodeid": "test/test_example.py::test_skip", "location": ["test/test_example.py", 21, "test_skip"], "keywords": {"oct112": 1, "test/__init__.py": 1, "test_example.py": 1, "test_skip": 1}, "outcome": "passed", "longrepr": null, "when": "teardown", "user_properties": [], "sections": [], "duration": 0.0001309690014750231, "$report_type": "TestReport"}
{"nodeid": "test/test_example.py::test_xfail", "location": ["test/test_example.py", 25, "test_xfail"], "keywords": {"oct112": 1, "test_xfail": 1, "test/__init__.py": 1, "test_example.py": 1}, "outcome": "passed", "longrepr": null, "when": "setup", "user_properties": [], "sections": [], "duration": 0.0002272810015711002, "$report_type": "TestReport"}
{"nodeid": "test/test_example.py::test_xfail", "location": ["test/test_example.py", 25, "test_xfail"], "keywords": {"oct112": 1, "test_xfail": 1, "test/__init__.py": 1, "test_example.py": 1}, "outcome": "skipped", "longrepr": {"reprcrash": {"path": "/home/ravijaya/Trainings/Python-PCI/oct112/test/test_example.py", "lineno": 27, "message": "_pytest.outcomes.XFailed: xfailing this test"}, "reprtraceback": {"reprentries": [{"type": "ReprEntry", "data": {"lines": ["    def test_xfail():", ">       pytest.xfail(\"xfailing this test\")", "E       _pytest.outcomes.XFailed: xfailing this test"], "reprfuncargs": {"args": []}, "reprlocals": null, "reprfileloc": {"path": "test/test_example.py", "lineno": 27, "message": "XFailed"}, "style": "long"}}], "extraline": null, "style": "long"}, "sections": [], "chain": [[{"reprentries": [{"type": "ReprEntry", "data": {"lines": ["    def test_xfail():", ">       pytest.xfail(\"xfailing this test\")", "E       _pytest.outcomes.XFailed: xfailing this test"], "reprfuncargs": {"args": []}, "reprlocals": null, "reprfileloc": {"path": "test/test_example.py", "lineno": 27, "message": "XFailed"}, "style": "long"}}], "extraline": null, "style": "long"}, {"path": "/home/ravijaya/Trainings/Python-PCI/oct112/test/test_example.py", "lineno": 27, "message": "_pytest.outcomes.XFailed: xfailing this test"}, null]]}, "when": "call", "user_properties": [], "sections": [], "duration": 0.00027562900140765123, "wasxfail": "reason: xfailing this test", "$report_type": "TestReport"}
{"nodeid": "test/test_example.py::test_xfail", "location": ["test/test_example.py", 25, "test_xfail"], "keywords": {"oct112": 1, "test_xfail": 1, "test/__init__.py": 1, "test_example.py": 1}, "outcome": "passed", "longrepr": null, "when": "teardown", "user_properties": [], "sections": [], "duration": 0.0002799339999910444, "$report_type": "TestReport"}
{"nodeid": "test/test_example.py::test_xpass", "location": ["test/test_example.py", 29, "test_xpass"], "keywords": {"test_xpass": 1, "test/__init__.py": 1, "test_example.py": 1, "xfail": 1, "pytestmark": 1, "oct112": 1}, "outcome": "passed", "longrepr": null, "when": "setup", "user_properties": [], "sections": [], "duration": 0.0004303399982745759, "$report_type": "TestReport"}
{"nodeid": "test/test_example.py::test_xpass", "location": ["test/test_example.py", 29, "test_xpass"], "keywords": {"test_xpass": 1, "test/__init__.py": 1, "test_example.py": 1, "xfail": 1, "pytestmark": 1, "oct112": 1}, "outcome": "passed", "longrepr": null, "when": "call", "user_properties": [], "sections": [], "duration": 0.00021859399930690415, "wasxfail": "always xfail", "$report_type": "TestReport"}
{"nodeid": "test/test_example.py::test_xpass", "location": ["test/test_example.py", 29, "test_xpass"], "keywords": {"test_xpass": 1, "test/__init__.py": 1, "test_example.py": 1, "xfail": 1, "pytestmark": 1, "oct112": 1}, "outcome": "passed", "longrepr": null, "when": "teardown", "user_properties": [], "sections": [], "duration": 0.00019985400285804644, "$report_type": "TestReport"}
{"nodeid": "test/test_sample.py::test_power", "location": ["test/test_sample.py", 3, "test_power"], "keywords": {"oct112": 1, "test_power": 1, "test/__init__.py": 1, "test_sample.py": 1}, "outcome": "passed", "longrepr": null, "when": "setup", "user_properties": [], "sections": [], "duration": 0.00024893899899325334, "$report_type": "TestReport"}
{"nodeid": "test/test_sample.py::test_power", "location": ["test/test_sample.py", 3, "test_power"], "keywords": {"oct112": 1, "test_power": 1, "test/__init__.py": 1, "test_sample.py": 1}, "outcome": "passed", "longrepr": null, "when": "call", "user_properties": [], "sections": [], "duration": 0.0002180720002797898, "$report_type": "TestReport"}
{"nodeid": "test/test_sample.py::test_power", "location": ["test/test_sample.py", 3, "test_power"], "keywords": {"oct112": 1, "test_power": 1, "test/__init__.py": 1, "test_sample.py": 1}, "outcome": "passed", "longrepr": null, "when": "teardown", "user_properties": [], "sections": [], "duration": 0.00019049999900744297, "$report_type": "TestReport"}
{"nodeid": "test/test_sample.py::test_alpha", "location": ["test/test_sample.py", 7, "test_alpha"], "keywords": {"oct112": 1, "test/__init__.py": 1, "test_alpha": 1, "test_sample.py": 1}, "outcome": "passed", "longrepr": null, "when": "setup", "user_properties": [], "sections": [], "duration": 0.00021080699661979452, "$report_type": "TestReport"}
{"nodeid": "test/test_sample.py::test_alpha", "location": ["test/test_sample.py", 7, "test_alpha"], "keywords": {"oct112": 1, "test/__init__.py": 1, "test_alpha": 1, "test_sample.py": 1}, "outcome": "passed", "longrepr": null, "when": "call", "user_properties": [], "sections": [], "duration": 0.00021386899970821105, "$report_type": "TestReport"}
{"nodeid": "test/test_sample.py::test_alpha", "location": ["test/test_sample.py", 7, "test_alpha"], "keywords": {"oct112": 1, "test/__init__.py": 1, "test_alpha": 1, "test_sample.py": 1}, "outcome": "passed", "longrepr": null, "when": "teardown", "user_properties": [], "sections": [], "duration": 0.00019629600137704983, "$report_type": "TestReport"}
{"nodeid": "test/test_systemexit.py::test_for_exit", "location": ["test/test_systemexit.py", 4, "test_for_exit"], "keywords": {"test_for_exit": 1, "test/__init__.py": 1, "test_systemexit.py": 1, "oct112": 1}, "outcome": "passed", "longrepr": null, "when": "setup", "user_properties": [], "sections": [], "duration": 0.00022191300013219006, "$report_type": "TestReport"}
{"nodeid": "test/test_systemexit.py::test_for_exit", "location": ["test/test_systemexit.py", 4, "test_for_exit"], "keywords": {"test_for_exit": 1, "test/__init__.py": 1, "test_systemexit.py": 1, "oct112": 1}, "outcome": "passed", "longrepr": null, "when": "call", "user_properties": [], "sections": [], "duration": 0.0003561809971870389, "$report_type": "TestReport"}
{"nodeid": "test/test_systemexit.py::test_for_exit", "location": ["test/test_systemexit.py", 4, "test_for_exit"], "keywords": {"test_for_exit": 1, "test/__init__.py": 1, "test_systemexit.py": 1, "oct112": 1}, "outcome": "passed", "longrepr": null, "when": "teardown", "user_properties": [], "sections": [], "duration": 0.000270144002570305, "$report_type": "TestReport"}
{"exitstatus": 1, "$report_type": "SessionFinish"}
